
> portal@0.1.0 dev
> next dev

▲ Next.js 16.2.4 (Turbopack)
- Local:         http://localhost:3000
- Network:       http://192.168.1.100:3000
- Environments: .env.local, .env
✓ Ready in 294ms
⚠ Warning: Next.js inferred your workspace root, but it may not be correct.
 We detected multiple lockfiles and selected the directory of /Users/vytvytskyi/package-lock.json as the root directory.
 To silence this warning, set `turbopack.root` in your Next.js config, or consider removing one of the lockfiles if it's not needed.
   See https://nextjs.org/docs/app/api-reference/config/next-config-js/turbopack#root-directory for more information.
 Detected additional lockfiles: 
   * /Users/vytvytskyi/foryou_partners/package-lock.json

⚠ The "middleware" file convention is deprecated. Please use "proxy" instead. Learn more: https://nextjs.org/docs/messages/middleware-to-proxy

 GET /ru/support/4f5b6ab6-57a0-4828-9463-9a899be0c031 200 in 2.3s (next.js: 1758ms, proxy.ts: 102ms, application-code: 478ms)
 HEAD /ru/login 200 in 910ms (next.js: 812ms, proxy.ts: 21ms, application-code: 76ms)
○ Compiling /[locale] ...
 GET /ru 307 in 6.1s (next.js: 6.0s, proxy.ts: 9ms, application-code: 83ms)
 GET /ru/login 200 in 36ms (next.js: 9ms, proxy.ts: 3ms, application-code: 24ms)
✓ Compiled in 1210ms
 GET /ru/login 200 in 519ms (next.js: 37ms, proxy.ts: 368ms, application-code: 114ms)
 GET /ru/login 200 in 27ms (next.js: 9ms, proxy.ts: 1981µs, application-code: 15ms)
✓ Compiled in 594ms
 GET /ru/.well-known/appspecific/com.chrome.devtools.json 404 in 2.9s (next.js: 2.7s, proxy.ts: 4ms, application-code: 189ms)
✓ Compiled in 450ms
 GET /ru/login 200 in 134ms (next.js: 37ms, proxy.ts: 23ms, application-code: 74ms)
✓ Compiled in 127ms
✓ Compiled in 113ms
 GET /ru/.well-known/appspecific/com.chrome.devtools.json 404 in 529ms (next.js: 122ms, proxy.ts: 4ms, application-code: 403ms)
✓ Compiled in 86ms
 GET /ru/login 200 in 234ms (next.js: 105ms, proxy.ts: 10ms, application-code: 119ms)
 GET /ru/.well-known/appspecific/com.chrome.devtools.json 404 in 103ms (next.js: 34ms, proxy.ts: 1819µs, application-code: 68ms)
○ Compiling /[locale]/register ...
 GET /ru/register 200 in 8.5s (next.js: 8.5s, proxy.ts: 3ms, application-code: 34ms)
 GET /ru/login 200 in 64ms (next.js: 25ms, proxy.ts: 2ms, application-code: 37ms)
 GET /ru/register 200 in 167ms (next.js: 77ms, proxy.ts: 26ms, application-code: 64ms)
 GET /ru/login 200 in 47ms (next.js: 16ms, proxy.ts: 1376µs, application-code: 29ms)
 GET /ru/dashboard 200 in 723ms (next.js: 696ms, proxy.ts: 1878µs, application-code: 25ms)
✓ Compiled in 1203ms
✓ Compiled in 554ms
✓ Compiled in 636ms
✓ Compiled in 331ms
✓ Compiled in 196ms
✓ Compiled in 4.6s
⨯ ./foryou_partners/src/components/layout/Sidebar.tsx:116:1
Unexpected token. Did you mean `{'}'}` or `&rbrace;`?
  [90m114 |[0m     </aside>
  [90m115 |[0m   );
[31m[1m>[0m [90m116 |[0m }
  [90m    |[0m [31m[1m^[0m
  [90m117 |[0m

Parsing ecmascript source code failed

Import traces:
  Client Component Browser:
    ./foryou_partners/src/components/layout/Sidebar.tsx [Client Component Browser]
    ./foryou_partners/src/components/layout/DashboardLayout.tsx [Client Component Browser]
    ./foryou_partners/src/components/layout/DashboardLayout.tsx [Server Component]
    ./foryou_partners/src/app/[locale]/(protected)/layout.tsx [Server Component]

  Client Component SSR:
    ./foryou_partners/src/components/layout/Sidebar.tsx [Client Component SSR]
    ./foryou_partners/src/components/layout/DashboardLayout.tsx [Client Component SSR]
    ./foryou_partners/src/components/layout/DashboardLayout.tsx [Server Component]
    ./foryou_partners/src/app/[locale]/(protected)/layout.tsx [Server Component]


 GET /ru/dashboard 500 in 634ms (next.js: 245ms, proxy.ts: 205ms, application-code: 184ms)
⨯ ./foryou_partners/src/components/layout/Sidebar.tsx:116:1
Unexpected token. Did you mean `{'}'}` or `&rbrace;`?
  [90m114 |[0m     </aside>
  [90m115 |[0m   );
[31m[1m>[0m [90m116 |[0m }
  [90m    |[0m [31m[1m^[0m
  [90m117 |[0m

Parsing ecmascript source code failed

Import traces:
  Client Component Browser:
    ./foryou_partners/src/components/layout/Sidebar.tsx [Client Component Browser]
    ./foryou_partners/src/components/layout/DashboardLayout.tsx [Client Component Browser]
    ./foryou_partners/src/components/layout/DashboardLayout.tsx [Server Component]
    ./foryou_partners/src/app/[locale]/(protected)/layout.tsx [Server Component]

  Client Component SSR:
    ./foryou_partners/src/components/layout/Sidebar.tsx [Client Component SSR]
    ./foryou_partners/src/components/layout/DashboardLayout.tsx [Client Component SSR]
    ./foryou_partners/src/components/layout/DashboardLayout.tsx [Server Component]
    ./foryou_partners/src/app/[locale]/(protected)/layout.tsx [Server Component]


 GET /ru/dashboard 500 in 28ms (next.js: 13ms, proxy.ts: 4ms, application-code: 11ms)
⨯ ./foryou_partners/src/components/layout/Sidebar.tsx:116:1
Unexpected token. Did you mean `{'}'}` or `&rbrace;`?
  [90m114 |[0m     </aside>
  [90m115 |[0m   );
[31m[1m>[0m [90m116 |[0m }
  [90m    |[0m [31m[1m^[0m
  [90m117 |[0m

Parsing ecmascript source code failed

Import traces:
  Client Component Browser:
    ./foryou_partners/src/components/layout/Sidebar.tsx [Client Component Browser]
    ./foryou_partners/src/components/layout/DashboardLayout.tsx [Client Component Browser]
    ./foryou_partners/src/components/layout/DashboardLayout.tsx [Server Component]
    ./foryou_partners/src/app/[locale]/(protected)/layout.tsx [Server Component]

  Client Component SSR:
    ./foryou_partners/src/components/layout/Sidebar.tsx [Client Component SSR]
    ./foryou_partners/src/components/layout/DashboardLayout.tsx [Client Component SSR]
    ./foryou_partners/src/components/layout/DashboardLayout.tsx [Server Component]
    ./foryou_partners/src/app/[locale]/(protected)/layout.tsx [Server Component]


 GET /ru/dashboard 500 in 20ms (next.js: 5ms, proxy.ts: 2ms, application-code: 12ms)
⨯ ./foryou_partners/src/components/layout/Sidebar.tsx:116:1
Unexpected token. Did you mean `{'}'}` or `&rbrace;`?
  [90m114 |[0m     </aside>
  [90m115 |[0m   );
[31m[1m>[0m [90m116 |[0m }
  [90m    |[0m [31m[1m^[0m
  [90m117 |[0m

Parsing ecmascript source code failed

Import traces:
  Client Component Browser:
    ./foryou_partners/src/components/layout/Sidebar.tsx [Client Component Browser]
    ./foryou_partners/src/components/layout/DashboardLayout.tsx [Client Component Browser]
    ./foryou_partners/src/components/layout/DashboardLayout.tsx [Server Component]
    ./foryou_partners/src/app/[locale]/(protected)/layout.tsx [Server Component]

  Client Component SSR:
    ./foryou_partners/src/components/layout/Sidebar.tsx [Client Component SSR]
    ./foryou_partners/src/components/layout/DashboardLayout.tsx [Client Component SSR]
    ./foryou_partners/src/components/layout/DashboardLayout.tsx [Server Component]
    ./foryou_partners/src/app/[locale]/(protected)/layout.tsx [Server Component]


 GET /ru/dashboard 500 in 20ms (next.js: 8ms, proxy.ts: 1722µs, application-code: 10ms)
⨯ ./foryou_partners/src/components/layout/Sidebar.tsx:116:1
Unexpected token. Did you mean `{'}'}` or `&rbrace;`?
  [90m114 |[0m     </aside>
  [90m115 |[0m   );
[31m[1m>[0m [90m116 |[0m }
  [90m    |[0m [31m[1m^[0m
  [90m117 |[0m

Parsing ecmascript source code failed

Import traces:
  Client Component Browser:
    ./foryou_partners/src/components/layout/Sidebar.tsx [Client Component Browser]
    ./foryou_partners/src/components/layout/DashboardLayout.tsx [Client Component Browser]
    ./foryou_partners/src/components/layout/DashboardLayout.tsx [Server Component]
    ./foryou_partners/src/app/[locale]/(protected)/layout.tsx [Server Component]

  Client Component SSR:
    ./foryou_partners/src/components/layout/Sidebar.tsx [Client Component SSR]
    ./foryou_partners/src/components/layout/DashboardLayout.tsx [Client Component SSR]
    ./foryou_partners/src/components/layout/DashboardLayout.tsx [Server Component]
    ./foryou_partners/src/app/[locale]/(protected)/layout.tsx [Server Component]


 GET /ru/dashboard 500 in 35ms (next.js: 10ms, proxy.ts: 3ms, application-code: 22ms)
⨯ ./foryou_partners/src/components/layout/Sidebar.tsx:116:1
Unexpected token. Did you mean `{'}'}` or `&rbrace;`?
  [90m114 |[0m     </aside>
  [90m115 |[0m   );
[31m[1m>[0m [90m116 |[0m }
  [90m    |[0m [31m[1m^[0m
  [90m117 |[0m

Parsing ecmascript source code failed

Import traces:
  Client Component Browser:
    ./foryou_partners/src/components/layout/Sidebar.tsx [Client Component Browser]
    ./foryou_partners/src/components/layout/DashboardLayout.tsx [Client Component Browser]
    ./foryou_partners/src/components/layout/DashboardLayout.tsx [Server Component]
    ./foryou_partners/src/app/[locale]/(protected)/layout.tsx [Server Component]

  Client Component SSR:
    ./foryou_partners/src/components/layout/Sidebar.tsx [Client Component SSR]
    ./foryou_partners/src/components/layout/DashboardLayout.tsx [Client Component SSR]
    ./foryou_partners/src/components/layout/DashboardLayout.tsx [Server Component]
    ./foryou_partners/src/app/[locale]/(protected)/layout.tsx [Server Component]


 GET /ru/dashboard 500 in 19ms (next.js: 4ms, proxy.ts: 2ms, application-code: 13ms)
⨯ ./foryou_partners/src/components/layout/Sidebar.tsx:116:1
Unexpected token. Did you mean `{'}'}` or `&rbrace;`?
  [90m114 |[0m     </aside>
  [90m115 |[0m   );
[31m[1m>[0m [90m116 |[0m }
  [90m    |[0m [31m[1m^[0m
  [90m117 |[0m

Parsing ecmascript source code failed

Import traces:
  Client Component Browser:
    ./foryou_partners/src/components/layout/Sidebar.tsx [Client Component Browser]
    ./foryou_partners/src/components/layout/DashboardLayout.tsx [Client Component Browser]
    ./foryou_partners/src/components/layout/DashboardLayout.tsx [Server Component]
    ./foryou_partners/src/app/[locale]/(protected)/layout.tsx [Server Component]

  Client Component SSR:
    ./foryou_partners/src/components/layout/Sidebar.tsx [Client Component SSR]
    ./foryou_partners/src/components/layout/DashboardLayout.tsx [Client Component SSR]
    ./foryou_partners/src/components/layout/DashboardLayout.tsx [Server Component]
    ./foryou_partners/src/app/[locale]/(protected)/layout.tsx [Server Component]


 GET /ru/dashboard 500 in 24ms (next.js: 9ms, proxy.ts: 4ms, application-code: 11ms)
⨯ ./foryou_partners/src/components/layout/Sidebar.tsx:116:1
Unexpected token. Did you mean `{'}'}` or `&rbrace;`?
  [90m114 |[0m     </aside>
  [90m115 |[0m   );
[31m[1m>[0m [90m116 |[0m }
  [90m    |[0m [31m[1m^[0m
  [90m117 |[0m

Parsing ecmascript source code failed

Import traces:
  Client Component Browser:
    ./foryou_partners/src/components/layout/Sidebar.tsx [Client Component Browser]
    ./foryou_partners/src/components/layout/DashboardLayout.tsx [Client Component Browser]
    ./foryou_partners/src/components/layout/DashboardLayout.tsx [Server Component]
    ./foryou_partners/src/app/[locale]/(protected)/layout.tsx [Server Component]

  Client Component SSR:
    ./foryou_partners/src/components/layout/Sidebar.tsx [Client Component SSR]
    ./foryou_partners/src/components/layout/DashboardLayout.tsx [Client Component SSR]
    ./foryou_partners/src/components/layout/DashboardLayout.tsx [Server Component]
    ./foryou_partners/src/app/[locale]/(protected)/layout.tsx [Server Component]


 GET /ru/dashboard 500 in 14ms (next.js: 3ms, proxy.ts: 1487µs, application-code: 9ms)
⨯ ./foryou_partners/src/components/layout/Sidebar.tsx:116:1
Unexpected token. Did you mean `{'}'}` or `&rbrace;`?
  [90m114 |[0m     </aside>
  [90m115 |[0m   );
[31m[1m>[0m [90m116 |[0m }
  [90m    |[0m [31m[1m^[0m
  [90m117 |[0m

Parsing ecmascript source code failed

Import traces:
  Client Component Browser:
    ./foryou_partners/src/components/layout/Sidebar.tsx [Client Component Browser]
    ./foryou_partners/src/components/layout/DashboardLayout.tsx [Client Component Browser]
    ./foryou_partners/src/components/layout/DashboardLayout.tsx [Server Component]
    ./foryou_partners/src/app/[locale]/(protected)/layout.tsx [Server Component]

  Client Component SSR:
    ./foryou_partners/src/components/layout/Sidebar.tsx [Client Component SSR]
    ./foryou_partners/src/components/layout/DashboardLayout.tsx [Client Component SSR]
    ./foryou_partners/src/components/layout/DashboardLayout.tsx [Server Component]
    ./foryou_partners/src/app/[locale]/(protected)/layout.tsx [Server Component]


 GET /ru/dashboard 500 in 10ms (next.js: 3ms, proxy.ts: 1467µs, application-code: 6ms)
⨯ ./foryou_partners/src/components/layout/Sidebar.tsx:116:1
Unexpected token. Did you mean `{'}'}` or `&rbrace;`?
  [90m114 |[0m     </aside>
  [90m115 |[0m   );
[31m[1m>[0m [90m116 |[0m }
  [90m    |[0m [31m[1m^[0m
  [90m117 |[0m

Parsing ecmascript source code failed

Import traces:
  Client Component Browser:
    ./foryou_partners/src/components/layout/Sidebar.tsx [Client Component Browser]
    ./foryou_partners/src/components/layout/DashboardLayout.tsx [Client Component Browser]
    ./foryou_partners/src/components/layout/DashboardLayout.tsx [Server Component]
    ./foryou_partners/src/app/[locale]/(protected)/layout.tsx [Server Component]

  Client Component SSR:
    ./foryou_partners/src/components/layout/Sidebar.tsx [Client Component SSR]
    ./foryou_partners/src/components/layout/DashboardLayout.tsx [Client Component SSR]
    ./foryou_partners/src/components/layout/DashboardLayout.tsx [Server Component]
    ./foryou_partners/src/app/[locale]/(protected)/layout.tsx [Server Component]


 GET /ru/dashboard 500 in 27ms (next.js: 3ms, proxy.ts: 20ms, application-code: 4ms)
⨯ ./foryou_partners/src/components/layout/Sidebar.tsx:116:1
Unexpected token. Did you mean `{'}'}` or `&rbrace;`?
  [90m114 |[0m     </aside>
  [90m115 |[0m   );
[31m[1m>[0m [90m116 |[0m }
  [90m    |[0m [31m[1m^[0m
  [90m117 |[0m

Parsing ecmascript source code failed

Import traces:
  Client Component Browser:
    ./foryou_partners/src/components/layout/Sidebar.tsx [Client Component Browser]
    ./foryou_partners/src/components/layout/DashboardLayout.tsx [Client Component Browser]
    ./foryou_partners/src/components/layout/DashboardLayout.tsx [Server Component]
    ./foryou_partners/src/app/[locale]/(protected)/layout.tsx [Server Component]

  Client Component SSR:
    ./foryou_partners/src/components/layout/Sidebar.tsx [Client Component SSR]
    ./foryou_partners/src/components/layout/DashboardLayout.tsx [Client Component SSR]
    ./foryou_partners/src/components/layout/DashboardLayout.tsx [Server Component]
    ./foryou_partners/src/app/[locale]/(protected)/layout.tsx [Server Component]


 GET /ru/dashboard 500 in 11ms (next.js: 3ms, proxy.ts: 4ms, application-code: 4ms)
⨯ ./foryou_partners/src/components/layout/Sidebar.tsx:116:1
Unexpected token. Did you mean `{'}'}` or `&rbrace;`?
  [90m114 |[0m     </aside>
  [90m115 |[0m   );
[31m[1m>[0m [90m116 |[0m }
  [90m    |[0m [31m[1m^[0m
  [90m117 |[0m

Parsing ecmascript source code failed

Import traces:
  Client Component Browser:
    ./foryou_partners/src/components/layout/Sidebar.tsx [Client Component Browser]
    ./foryou_partners/src/components/layout/DashboardLayout.tsx [Client Component Browser]
    ./foryou_partners/src/components/layout/DashboardLayout.tsx [Server Component]
    ./foryou_partners/src/app/[locale]/(protected)/layout.tsx [Server Component]

  Client Component SSR:
    ./foryou_partners/src/components/layout/Sidebar.tsx [Client Component SSR]
    ./foryou_partners/src/components/layout/DashboardLayout.tsx [Client Component SSR]
    ./foryou_partners/src/components/layout/DashboardLayout.tsx [Server Component]
    ./foryou_partners/src/app/[locale]/(protected)/layout.tsx [Server Component]


 GET /ru/dashboard 500 in 8ms (next.js: 2ms, proxy.ts: 1160µs, application-code: 4ms)
⨯ ./foryou_partners/src/components/layout/Sidebar.tsx:116:1
Unexpected token. Did you mean `{'}'}` or `&rbrace;`?
  [90m114 |[0m     </aside>
  [90m115 |[0m   );
[31m[1m>[0m [90m116 |[0m }
  [90m    |[0m [31m[1m^[0m
  [90m117 |[0m

Parsing ecmascript source code failed

Import traces:
  Client Component Browser:
    ./foryou_partners/src/components/layout/Sidebar.tsx [Client Component Browser]
    ./foryou_partners/src/components/layout/DashboardLayout.tsx [Client Component Browser]
    ./foryou_partners/src/components/layout/DashboardLayout.tsx [Server Component]
    ./foryou_partners/src/app/[locale]/(protected)/layout.tsx [Server Component]

  Client Component SSR:
    ./foryou_partners/src/components/layout/Sidebar.tsx [Client Component SSR]
    ./foryou_partners/src/components/layout/DashboardLayout.tsx [Client Component SSR]
    ./foryou_partners/src/components/layout/DashboardLayout.tsx [Server Component]
    ./foryou_partners/src/app/[locale]/(protected)/layout.tsx [Server Component]


 GET /ru/dashboard 500 in 17ms (next.js: 7ms, proxy.ts: 1455µs, application-code: 9ms)
⨯ ./foryou_partners/src/components/layout/Sidebar.tsx:116:1
Unexpected token. Did you mean `{'}'}` or `&rbrace;`?
  [90m114 |[0m     </aside>
  [90m115 |[0m   );
[31m[1m>[0m [90m116 |[0m }
  [90m    |[0m [31m[1m^[0m
  [90m117 |[0m

Parsing ecmascript source code failed

Import traces:
  Client Component Browser:
    ./foryou_partners/src/components/layout/Sidebar.tsx [Client Component Browser]
    ./foryou_partners/src/components/layout/DashboardLayout.tsx [Client Component Browser]
    ./foryou_partners/src/components/layout/DashboardLayout.tsx [Server Component]
    ./foryou_partners/src/app/[locale]/(protected)/layout.tsx [Server Component]

  Client Component SSR:
    ./foryou_partners/src/components/layout/Sidebar.tsx [Client Component SSR]
    ./foryou_partners/src/components/layout/DashboardLayout.tsx [Client Component SSR]
    ./foryou_partners/src/components/layout/DashboardLayout.tsx [Server Component]
    ./foryou_partners/src/app/[locale]/(protected)/layout.tsx [Server Component]


 GET /ru/dashboard 500 in 14ms (next.js: 6ms, proxy.ts: 1446µs, application-code: 6ms)
⨯ ./foryou_partners/src/components/layout/Sidebar.tsx:116:1
Unexpected token. Did you mean `{'}'}` or `&rbrace;`?
  [90m114 |[0m     </aside>
  [90m115 |[0m   );
[31m[1m>[0m [90m116 |[0m }
  [90m    |[0m [31m[1m^[0m
  [90m117 |[0m

Parsing ecmascript source code failed

Import traces:
  Client Component Browser:
    ./foryou_partners/src/components/layout/Sidebar.tsx [Client Component Browser]
    ./foryou_partners/src/components/layout/DashboardLayout.tsx [Client Component Browser]
    ./foryou_partners/src/components/layout/DashboardLayout.tsx [Server Component]
    ./foryou_partners/src/app/[locale]/(protected)/layout.tsx [Server Component]

  Client Component SSR:
    ./foryou_partners/src/components/layout/Sidebar.tsx [Client Component SSR]
    ./foryou_partners/src/components/layout/DashboardLayout.tsx [Client Component SSR]
    ./foryou_partners/src/components/layout/DashboardLayout.tsx [Server Component]
    ./foryou_partners/src/app/[locale]/(protected)/layout.tsx [Server Component]


 GET /ru/dashboard 500 in 26ms (next.js: 5ms, proxy.ts: 985µs, application-code: 20ms)
⨯ ./foryou_partners/src/components/layout/Sidebar.tsx:116:1
Unexpected token. Did you mean `{'}'}` or `&rbrace;`?
  [90m114 |[0m     </aside>
  [90m115 |[0m   );
[31m[1m>[0m [90m116 |[0m }
  [90m    |[0m [31m[1m^[0m
  [90m117 |[0m

Parsing ecmascript source code failed

Import traces:
  Client Component Browser:
    ./foryou_partners/src/components/layout/Sidebar.tsx [Client Component Browser]
    ./foryou_partners/src/components/layout/DashboardLayout.tsx [Client Component Browser]
    ./foryou_partners/src/components/layout/DashboardLayout.tsx [Server Component]
    ./foryou_partners/src/app/[locale]/(protected)/layout.tsx [Server Component]

  Client Component SSR:
    ./foryou_partners/src/components/layout/Sidebar.tsx [Client Component SSR]
    ./foryou_partners/src/components/layout/DashboardLayout.tsx [Client Component SSR]
    ./foryou_partners/src/components/layout/DashboardLayout.tsx [Server Component]
    ./foryou_partners/src/app/[locale]/(protected)/layout.tsx [Server Component]


 GET /ru/dashboard 500 in 21ms (next.js: 4ms, proxy.ts: 4ms, application-code: 13ms)
⨯ ./foryou_partners/src/components/layout/Sidebar.tsx:116:1
Unexpected token. Did you mean `{'}'}` or `&rbrace;`?
  [90m114 |[0m     </aside>
  [90m115 |[0m   );
[31m[1m>[0m [90m116 |[0m }
  [90m    |[0m [31m[1m^[0m
  [90m117 |[0m

Parsing ecmascript source code failed

Import traces:
  Client Component Browser:
    ./foryou_partners/src/components/layout/Sidebar.tsx [Client Component Browser]
    ./foryou_partners/src/components/layout/DashboardLayout.tsx [Client Component Browser]
    ./foryou_partners/src/components/layout/DashboardLayout.tsx [Server Component]
    ./foryou_partners/src/app/[locale]/(protected)/layout.tsx [Server Component]

  Client Component SSR:
    ./foryou_partners/src/components/layout/Sidebar.tsx [Client Component SSR]
    ./foryou_partners/src/components/layout/DashboardLayout.tsx [Client Component SSR]
    ./foryou_partners/src/components/layout/DashboardLayout.tsx [Server Component]
    ./foryou_partners/src/app/[locale]/(protected)/layout.tsx [Server Component]


⨯ ./foryou_partners/src/components/layout/Sidebar.tsx:116:1
Unexpected token. Did you mean `{'}'}` or `&rbrace;`?
  [90m114 |[0m     </aside>
  [90m115 |[0m   );
[31m[1m>[0m [90m116 |[0m }
  [90m    |[0m [31m[1m^[0m
  [90m117 |[0m

Parsing ecmascript source code failed

Import traces:
  Client Component Browser:
    ./foryou_partners/src/components/layout/Sidebar.tsx [Client Component Browser]
    ./foryou_partners/src/components/layout/DashboardLayout.tsx [Client Component Browser]
    ./foryou_partners/src/components/layout/DashboardLayout.tsx [Server Component]
    ./foryou_partners/src/app/[locale]/(protected)/layout.tsx [Server Component]

  Client Component SSR:
    ./foryou_partners/src/components/layout/Sidebar.tsx [Client Component SSR]
    ./foryou_partners/src/components/layout/DashboardLayout.tsx [Client Component SSR]
    ./foryou_partners/src/components/layout/DashboardLayout.tsx [Server Component]
    ./foryou_partners/src/app/[locale]/(protected)/layout.tsx [Server Component]


 GET /ru/dashboard 500 in 48ms (next.js: 26ms, proxy.ts: 4ms, application-code: 18ms)
 GET /ru/dashboard 500 in 46ms (next.js: 36ms, proxy.ts: 5ms, application-code: 5ms)
 GET /ru/.well-known/appspecific/com.chrome.devtools.json 500 in 31ms (next.js: 18ms, proxy.ts: 4ms, application-code: 9ms)
[browser] Uncaught Error: ./foryou_partners/src/components/layout/Sidebar.tsx:116:1
Unexpected token. Did you mean `{'}'}` or `&rbrace;`?
  114 |     </aside>
  115 |   );
> 116 | }
      | ^
  117 |

Parsing ecmascript source code failed

Import traces:
  Client Component Browser:
    ./foryou_partners/src/components/layout/Sidebar.tsx [Client Component Browser]
    ./foryou_partners/src/components/layout/DashboardLayout.tsx [Client Component Browser]
    ./foryou_partners/src/components/layout/DashboardLayout.tsx [Server Component]
    ./foryou_partners/src/app/[locale]/(protected)/layout.tsx [Server Component]

  Client Component SSR:
    ./foryou_partners/src/components/layout/Sidebar.tsx [Client Component SSR]
    ./foryou_partners/src/components/layout/DashboardLayout.tsx [Client Component SSR]
    ./foryou_partners/src/components/layout/DashboardLayout.tsx [Server Component]
    ./foryou_partners/src/app/[locale]/(protected)/layout.tsx [Server Component]


    at <unknown> (Error: ./foryou_partners/src/components/layout/Sidebar.tsx:116:1)
    at <unknown> (Error: (./foryou_partners/src/components/layout/Sidebar.tsx:116:1)
[browser] ./foryou_partners/src/components/layout/Sidebar.tsx:116:1
Unexpected token. Did you mean `{'}'}` or `&rbrace;`?
  114 |     </aside>
  115 |   );
> 116 | }
      | ^
  117 |

Parsing ecmascript source code failed

Import traces:
  Client Component Browser:
    ./foryou_partners/src/components/layout/Sidebar.tsx [Client Component Browser]
    ./foryou_partners/src/components/layout/DashboardLayout.tsx [Client Component Browser]
    ./foryou_partners/src/components/layout/DashboardLayout.tsx [Server Component]
    ./foryou_partners/src/app/[locale]/(protected)/layout.tsx [Server Component]

  Client Component SSR:
    ./foryou_partners/src/components/layout/Sidebar.tsx [Client Component SSR]
    ./foryou_partners/src/components/layout/DashboardLayout.tsx [Client Component SSR]
    ./foryou_partners/src/components/layout/DashboardLayout.tsx [Server Component]
    ./foryou_partners/src/app/[locale]/(protected)/layout.tsx [Server Component] 
[browser] ./foryou_partners/src/components/layout/Sidebar.tsx:116:1
Unexpected token. Did you mean `{'}'}` or `&rbrace;`?
  114 |     </aside>
  115 |   );
> 116 | }
      | ^
  117 |

Parsing ecmascript source code failed

Import traces:
  Client Component Browser:
    ./foryou_partners/src/components/layout/Sidebar.tsx [Client Component Browser]
    ./foryou_partners/src/components/layout/DashboardLayout.tsx [Client Component Browser]
    ./foryou_partners/src/components/layout/DashboardLayout.tsx [Server Component]
    ./foryou_partners/src/app/[locale]/(protected)/layout.tsx [Server Component]

  Client Component SSR:
    ./foryou_partners/src/components/layout/Sidebar.tsx [Client Component SSR]
    ./foryou_partners/src/components/layout/DashboardLayout.tsx [Client Component SSR]
    ./foryou_partners/src/components/layout/DashboardLayout.tsx [Server Component]
    ./foryou_partners/src/app/[locale]/(protected)/layout.tsx [Server Component] 
[browser] ./foryou_partners/src/components/layout/Sidebar.tsx:116:1
Unexpected token. Did you mean `{'}'}` or `&rbrace;`?
  114 |     </aside>
  115 |   );
> 116 | }
      | ^
  117 |

Parsing ecmascript source code failed

Import traces:
  Client Component Browser:
    ./foryou_partners/src/components/layout/Sidebar.tsx [Client Component Browser]
    ./foryou_partners/src/components/layout/DashboardLayout.tsx [Client Component Browser]
    ./foryou_partners/src/components/layout/DashboardLayout.tsx [Server Component]
    ./foryou_partners/src/app/[locale]/(protected)/layout.tsx [Server Component]

  Client Component SSR:
    ./foryou_partners/src/components/layout/Sidebar.tsx [Client Component SSR]
    ./foryou_partners/src/components/layout/DashboardLayout.tsx [Client Component SSR]
    ./foryou_partners/src/components/layout/DashboardLayout.tsx [Server Component]
    ./foryou_partners/src/app/[locale]/(protected)/layout.tsx [Server Component] 
[browser] ./foryou_partners/src/components/layout/Sidebar.tsx:116:1
Unexpected token. Did you mean `{'}'}` or `&rbrace;`?
  114 |     </aside>
  115 |   );
> 116 | }
      | ^
  117 |

Parsing ecmascript source code failed

Import traces:
  Client Component Browser:
    ./foryou_partners/src/components/layout/Sidebar.tsx [Client Component Browser]
    ./foryou_partners/src/components/layout/DashboardLayout.tsx [Client Component Browser]
    ./foryou_partners/src/components/layout/DashboardLayout.tsx [Server Component]
    ./foryou_partners/src/app/[locale]/(protected)/layout.tsx [Server Component]

  Client Component SSR:
    ./foryou_partners/src/components/layout/Sidebar.tsx [Client Component SSR]
    ./foryou_partners/src/components/layout/DashboardLayout.tsx [Client Component SSR]
    ./foryou_partners/src/components/layout/DashboardLayout.tsx [Server Component]
    ./foryou_partners/src/app/[locale]/(protected)/layout.tsx [Server Component] 
[browser] ./foryou_partners/src/components/layout/Sidebar.tsx:116:1
Unexpected token. Did you mean `{'}'}` or `&rbrace;`?
  114 |     </aside>
  115 |   );
> 116 | }
      | ^
  117 |

Parsing ecmascript source code failed

Import traces:
  Client Component Browser:
    ./foryou_partners/src/components/layout/Sidebar.tsx [Client Component Browser]
    ./foryou_partners/src/components/layout/DashboardLayout.tsx [Client Component Browser]
    ./foryou_partners/src/components/layout/DashboardLayout.tsx [Server Component]
    ./foryou_partners/src/app/[locale]/(protected)/layout.tsx [Server Component]

  Client Component SSR:
    ./foryou_partners/src/components/layout/Sidebar.tsx [Client Component SSR]
    ./foryou_partners/src/components/layout/DashboardLayout.tsx [Client Component SSR]
    ./foryou_partners/src/components/layout/DashboardLayout.tsx [Server Component]
    ./foryou_partners/src/app/[locale]/(protected)/layout.tsx [Server Component] 
⨯ ./foryou_partners/src/components/layout/Sidebar.tsx:116:1
Unexpected token. Did you mean `{'}'}` or `&rbrace;`?
  [90m114 |[0m     </aside>
  [90m115 |[0m   );
[31m[1m>[0m [90m116 |[0m }
  [90m    |[0m [31m[1m^[0m
  [90m117 |[0m

Parsing ecmascript source code failed

Import traces:
  Client Component Browser:
    ./foryou_partners/src/components/layout/Sidebar.tsx [Client Component Browser]
    ./foryou_partners/src/components/layout/DashboardLayout.tsx [Client Component Browser]
    ./foryou_partners/src/components/layout/DashboardLayout.tsx [Server Component]
    ./foryou_partners/src/app/[locale]/(protected)/layout.tsx [Server Component]

  Client Component SSR:
    ./foryou_partners/src/components/layout/Sidebar.tsx [Client Component SSR]
    ./foryou_partners/src/components/layout/DashboardLayout.tsx [Client Component SSR]
    ./foryou_partners/src/components/layout/DashboardLayout.tsx [Server Component]
    ./foryou_partners/src/app/[locale]/(protected)/layout.tsx [Server Component]


 GET /ru/dashboard 500 in 427ms (next.js: 107ms, proxy.ts: 293ms, application-code: 26ms)
[browser] ./foryou_partners/src/components/layout/Sidebar.tsx:116:1
Unexpected token. Did you mean `{'}'}` or `&rbrace;`?
  114 |     </aside>
  115 |   );
> 116 | }
      | ^
  117 |

Parsing ecmascript source code failed

Import traces:
  Client Component Browser:
    ./foryou_partners/src/components/layout/Sidebar.tsx [Client Component Browser]
    ./foryou_partners/src/components/layout/DashboardLayout.tsx [Client Component Browser]
    ./foryou_partners/src/components/layout/DashboardLayout.tsx [Server Component]
    ./foryou_partners/src/app/[locale]/(protected)/layout.tsx [Server Component]

  Client Component SSR:
    ./foryou_partners/src/components/layout/Sidebar.tsx [Client Component SSR]
    ./foryou_partners/src/components/layout/DashboardLayout.tsx [Client Component SSR]
    ./foryou_partners/src/components/layout/DashboardLayout.tsx [Server Component]
    ./foryou_partners/src/app/[locale]/(protected)/layout.tsx [Server Component] 
 GET /ru/.well-known/appspecific/com.chrome.devtools.json 500 in 45ms (next.js: 19ms, proxy.ts: 9ms, application-code: 18ms)
[browser] Uncaught Error: ./foryou_partners/src/components/layout/Sidebar.tsx:116:1
Unexpected token. Did you mean `{'}'}` or `&rbrace;`?
  114 |     </aside>
  115 |   );
> 116 | }
      | ^
  117 |

Parsing ecmascript source code failed

Import traces:
  Client Component Browser:
    ./foryou_partners/src/components/layout/Sidebar.tsx [Client Component Browser]
    ./foryou_partners/src/components/layout/DashboardLayout.tsx [Client Component Browser]
    ./foryou_partners/src/components/layout/DashboardLayout.tsx [Server Component]
    ./foryou_partners/src/app/[locale]/(protected)/layout.tsx [Server Component]

  Client Component SSR:
    ./foryou_partners/src/components/layout/Sidebar.tsx [Client Component SSR]
    ./foryou_partners/src/components/layout/DashboardLayout.tsx [Client Component SSR]
    ./foryou_partners/src/components/layout/DashboardLayout.tsx [Server Component]
    ./foryou_partners/src/app/[locale]/(protected)/layout.tsx [Server Component]


    at <unknown> (Error: ./foryou_partners/src/components/layout/Sidebar.tsx:116:1)
    at <unknown> (Error: (./foryou_partners/src/components/layout/Sidebar.tsx:116:1)
[browser] ./foryou_partners/src/components/layout/Sidebar.tsx:116:1
Unexpected token. Did you mean `{'}'}` or `&rbrace;`?
  114 |     </aside>
  115 |   );
> 116 | }
      | ^
  117 |

Parsing ecmascript source code failed

Import traces:
  Client Component Browser:
    ./foryou_partners/src/components/layout/Sidebar.tsx [Client Component Browser]
    ./foryou_partners/src/components/layout/DashboardLayout.tsx [Client Component Browser]
    ./foryou_partners/src/components/layout/DashboardLayout.tsx [Server Component]
    ./foryou_partners/src/app/[locale]/(protected)/layout.tsx [Server Component]

  Client Component SSR:
    ./foryou_partners/src/components/layout/Sidebar.tsx [Client Component SSR]
    ./foryou_partners/src/components/layout/DashboardLayout.tsx [Client Component SSR]
    ./foryou_partners/src/components/layout/DashboardLayout.tsx [Server Component]
    ./foryou_partners/src/app/[locale]/(protected)/layout.tsx [Server Component] 
[browser] ./foryou_partners/src/components/layout/Sidebar.tsx:116:1
Unexpected token. Did you mean `{'}'}` or `&rbrace;`?
  114 |     </aside>
  115 |   );
> 116 | }
      | ^
  117 |

Parsing ecmascript source code failed

Import traces:
  Client Component Browser:
    ./foryou_partners/src/components/layout/Sidebar.tsx [Client Component Browser]
    ./foryou_partners/src/components/layout/DashboardLayout.tsx [Client Component Browser]
    ./foryou_partners/src/components/layout/DashboardLayout.tsx [Server Component]
    ./foryou_partners/src/app/[locale]/(protected)/layout.tsx [Server Component]

  Client Component SSR:
    ./foryou_partners/src/components/layout/Sidebar.tsx [Client Component SSR]
    ./foryou_partners/src/components/layout/DashboardLayout.tsx [Client Component SSR]
    ./foryou_partners/src/components/layout/DashboardLayout.tsx [Server Component]
    ./foryou_partners/src/app/[locale]/(protected)/layout.tsx [Server Component] 
[browser] ./foryou_partners/src/components/layout/Sidebar.tsx:116:1
Unexpected token. Did you mean `{'}'}` or `&rbrace;`?
  114 |     </aside>
  115 |   );
> 116 | }
      | ^
  117 |

Parsing ecmascript source code failed

Import traces:
  Client Component Browser:
    ./foryou_partners/src/components/layout/Sidebar.tsx [Client Component Browser]
    ./foryou_partners/src/components/layout/DashboardLayout.tsx [Client Component Browser]
    ./foryou_partners/src/components/layout/DashboardLayout.tsx [Server Component]
    ./foryou_partners/src/app/[locale]/(protected)/layout.tsx [Server Component]

  Client Component SSR:
    ./foryou_partners/src/components/layout/Sidebar.tsx [Client Component SSR]
    ./foryou_partners/src/components/layout/DashboardLayout.tsx [Client Component SSR]
    ./foryou_partners/src/components/layout/DashboardLayout.tsx [Server Component]
    ./foryou_partners/src/app/[locale]/(protected)/layout.tsx [Server Component] 
✓ Compiled in 1069ms
 GET /ru/dashboard 200 in 712ms (next.js: 445ms, proxy.ts: 8ms, application-code: 259ms)
 GET /ru/.well-known/appspecific/com.chrome.devtools.json 404 in 91ms (next.js: 43ms, proxy.ts: 12ms, application-code: 36ms)
✓ Compiled in 681ms
 GET /ru/dashboard 200 in 424ms (next.js: 207ms, proxy.ts: 92ms, application-code: 125ms)
 GET /ru/dashboard 200 in 21ms (next.js: 1725µs, proxy.ts: 1732µs, application-code: 18ms)
✓ Compiled in 191ms
✓ Compiled in 519ms
✓ Compiled in 494ms
✓ Compiled in 99ms
✓ Compiled in 459ms
✓ Compiled in 218ms
✓ Compiled in 262ms
 GET /ru/dashboard 200 in 962ms (next.js: 220ms, proxy.ts: 294ms, application-code: 447ms)
 GET /ru/.well-known/appspecific/com.chrome.devtools.json 404 in 193ms (next.js: 71ms, proxy.ts: 16ms, application-code: 107ms)
✓ Compiled in 460ms
✓ Compiled in 984ms
 GET /ru/dashboard 200 in 817ms (next.js: 334ms, proxy.ts: 331ms, application-code: 152ms)
 GET /ru/.well-known/appspecific/com.chrome.devtools.json 404 in 161ms (next.js: 98ms, proxy.ts: 12ms, application-code: 51ms)
✓ Compiled in 715ms
✓ Compiled in 461ms
✓ Compiled in 499ms
✓ Compiled in 129ms
✓ Compiled in 513ms
✓ Compiled in 631ms
✓ Compiled in 466ms
✓ Compiled in 152ms
✓ Compiled in 328ms
✓ Compiled in 389ms
✓ Compiled in 403ms
✓ Compiled in 155ms
 GET /ru/deals 200 in 4.1s (next.js: 3.4s, proxy.ts: 407ms, application-code: 239ms)
✓ Compiled in 614ms
✓ Compiled in 488ms
✓ Compiled in 542ms
✓ Finished filesystem cache database compaction in 10.7s
✓ Compiled in 639ms
✓ Compiled in 185ms
✓ Compiled in 191ms
✓ Compiled in 140ms
✓ Compiled in 128ms
 GET /ru/deals 200 in 673ms (next.js: 216ms, proxy.ts: 262ms, application-code: 195ms)
 GET /ru/.well-known/appspecific/com.chrome.devtools.json 404 in 86ms (next.js: 33ms, proxy.ts: 6ms, application-code: 46ms)
✓ Compiled in 1541ms
✓ Compiled in 313ms
✓ Compiled in 1168ms
✓ Compiled in 134ms
✓ Compiled in 203ms
✓ Compiled in 457ms
✓ Compiled in 329ms
✓ Compiled in 985ms
✓ Compiled in 4.5s
 GET /ru/deals 200 in 1659ms (next.js: 797ms, proxy.ts: 537ms, application-code: 325ms)
 GET /ru/deals 200 in 55ms (next.js: 27ms, proxy.ts: 2ms, application-code: 25ms)
✓ Compiled in 277ms
✓ Compiled in 210ms
✓ Compiled in 608ms
 POST /api/v1/auth/login 404 in 1064ms (next.js: 413ms, application-code: 650ms)
 GET /api/v1/amo-crm/pipelines 404 in 28ms (next.js: 10ms, application-code: 18ms)
✓ Compiled in 344ms
✓ Compiled in 112ms
✓ Compiled in 935ms
✓ Compiled in 510ms
✓ Compiled in 55ms
✓ Compiled in 148ms
 GET /ru/deals/47602938 200 in 2.8s (next.js: 1965ms, proxy.ts: 359ms, application-code: 523ms)
✓ Compiled in 2.7s
 GET /ru/deals/47602938 200 in 1775ms (next.js: 1232ms, proxy.ts: 455ms, application-code: 88ms)
 GET /ru/deals/47602938 200 in 56ms (next.js: 16ms, proxy.ts: 1882µs, application-code: 38ms)
✓ Compiled in 217ms
✓ Compiled in 256ms
✓ Compiled in 46ms
✓ Compiled in 411ms
✓ Compiled in 180ms
✓ Compiled in 496ms
✓ Compiled in 102ms
 GET /ru/deals/47602938 200 in 1123ms (next.js: 254ms, proxy.ts: 264ms, application-code: 605ms)
 GET /ru/.well-known/appspecific/com.chrome.devtools.json 404 in 283ms (next.js: 201ms, proxy.ts: 3ms, application-code: 79ms)
✓ Compiled in 117ms
✓ Compiled in 118ms
✓ Compiled in 123ms
✓ Compiled in 394ms
✓ Compiled in 429ms
✓ Compiled in 351ms
✓ Compiled in 167ms
 GET /ru/deals 200 in 1125ms (next.js: 624ms, proxy.ts: 260ms, application-code: 241ms)
✓ Compiled in 1082ms
✓ Compiled in 1144ms
✓ Compiled in 973ms
 GET /ru/deals/1781046309487 200 in 1320ms (next.js: 517ms, proxy.ts: 545ms, application-code: 258ms)
✓ Compiled in 1048ms
[browser] Failed to send message: AxiosError: Request failed with status code 500
    at async Object.addLeadNote (src/lib/api-leads.ts:129:22)
  127 |
  128 |   addLeadNote: async (id: string, text: string): Promise<{ success: boolean }> => {
> 129 |     const { data } = await api.post(`/leads/${id}/notes`, { text });
      |                      ^
  130 |     return data;
  131 |   },
  132 | (src/components/deals/DealHistory.tsx:82:15)
[browser] Failed to send message: AxiosError: Request failed with status code 500 (src/components/deals/DealHistory.tsx:82:15)
 GET /ru/deals/1781046309487 200 in 1308ms (next.js: 367ms, proxy.ts: 224ms, application-code: 717ms)
 GET /ru/.well-known/appspecific/com.chrome.devtools.json 404 in 187ms (next.js: 34ms, proxy.ts: 9ms, application-code: 144ms)
 GET /ru/deals/1781046309487 200 in 983ms (next.js: 428ms, proxy.ts: 290ms, application-code: 264ms)
[browser] Failed to send message: AxiosError: Request failed with status code 500 (src/components/deals/DealHistory.tsx:82:15)
 GET /ru/.well-known/appspecific/com.chrome.devtools.json 404 in 294ms (next.js: 35ms, proxy.ts: 4ms, application-code: 255ms)
[browser] Failed to send message: AxiosError: Request failed with status code 500 (src/components/deals/DealHistory.tsx:82:15)
[browser] Failed to send message: AxiosError: Request failed with status code 500 (src/components/deals/DealHistory.tsx:82:15)
 GET /ru/deals 200 in 1418ms (next.js: 744ms, proxy.ts: 387ms, application-code: 287ms)
 GET /ru/payouts 200 in 1146ms (next.js: 1023ms, proxy.ts: 38ms, application-code: 84ms)
✓ Compiled in 1132ms
✓ Compiled in 185ms
✓ Compiled in 1100ms
✓ Compiled in 225ms
✓ Compiled in 98ms
✓ Compiled in 57ms
✓ Compiled in 22ms
✓ Compiled in 25ms
✓ Compiled in 14ms
 GET /ru/payouts 200 in 341ms (next.js: 138ms, proxy.ts: 56ms, application-code: 147ms)
 GET /ru/.well-known/appspecific/com.chrome.devtools.json 404 in 376ms (next.js: 157ms, proxy.ts: 11ms, application-code: 208ms)
✓ Compiled in 737ms
✓ Compiled in 124ms
✓ Compiled in 74ms
 GET /ru/payouts 200 in 646ms (next.js: 280ms, proxy.ts: 138ms, application-code: 228ms)
 GET /ru/.well-known/appspecific/com.chrome.devtools.json 404 in 91ms (next.js: 34ms, proxy.ts: 1145µs, application-code: 55ms)
✓ Compiled in 110ms
 GET /ru/payouts 200 in 714ms (next.js: 191ms, proxy.ts: 342ms, application-code: 181ms)
 GET /ru/.well-known/appspecific/com.chrome.devtools.json 404 in 122ms (next.js: 19ms, proxy.ts: 5ms, application-code: 98ms)
✓ Compiled in 120ms
 GET /ru/payouts 200 in 617ms (next.js: 213ms, proxy.ts: 142ms, application-code: 261ms)
 GET /ru/.well-known/appspecific/com.chrome.devtools.json 404 in 223ms (next.js: 70ms, proxy.ts: 9ms, application-code: 144ms)
✓ Compiled in 138ms
 GET /ru/payouts 200 in 1185ms (next.js: 108ms, proxy.ts: 113ms, application-code: 963ms)
 GET /ru/.well-known/appspecific/com.chrome.devtools.json 404 in 65ms (next.js: 24ms, proxy.ts: 3ms, application-code: 38ms)
 GET /ru/.well-known/appspecific/com.chrome.devtools.json 404 in 346ms (next.js: 93ms, proxy.ts: 8ms, application-code: 246ms)
✓ Compiled in 427ms
✓ Compiled in 21ms
✓ Compiled in 232ms
✓ Compiled in 661ms
 GET /ru/referrals 200 in 1468ms (next.js: 921ms, proxy.ts: 386ms, application-code: 161ms)
 GET /ru/.well-known/appspecific/com.chrome.devtools.json 404 in 1220ms (next.js: 448ms, proxy.ts: 73ms, application-code: 699ms)
✓ Compiled in 1867ms
✓ Compiled in 114ms
 GET /ru/referrals 200 in 2.0s (next.js: 825ms, proxy.ts: 531ms, application-code: 652ms)
 GET /ru/.well-known/appspecific/com.chrome.devtools.json 404 in 132ms (next.js: 76ms, proxy.ts: 5ms, application-code: 51ms)
 GET /ru/referrals 200 in 1055ms (next.js: 320ms, proxy.ts: 262ms, application-code: 473ms)
 GET /ru/.well-known/appspecific/com.chrome.devtools.json 404 in 487ms (next.js: 83ms, proxy.ts: 7ms, application-code: 397ms)
 GET /ru/knowledge 200 in 5.0s (next.js: 4.6s, proxy.ts: 73ms, application-code: 289ms)
✓ Compiled in 986ms
 GET /ru/support 200 in 2.8s (next.js: 2.3s, proxy.ts: 298ms, application-code: 277ms)
✓ Compiled in 2.2s
✓ Compiled in 296ms
✓ Compiled in 569ms
 GET /ru/support/75301d28-3f58-4c19-b93f-9709293ed6a0 200 in 1141ms (next.js: 594ms, proxy.ts: 274ms, application-code: 273ms)
 GET /ru/support 200 in 380ms (next.js: 172ms, proxy.ts: 47ms, application-code: 162ms)
 GET /ru/profile 200 in 713ms (next.js: 656ms, proxy.ts: 24ms, application-code: 33ms)
✓ Compiled in 3.4s
 GET /ru/support 200 in 452ms (next.js: 157ms, proxy.ts: 116ms, application-code: 179ms)
 GET /ru/support/75301d28-3f58-4c19-b93f-9709293ed6a0 200 in 794ms (next.js: 566ms, proxy.ts: 65ms, application-code: 163ms)
 GET /ru/support 200 in 150ms (next.js: 30ms, proxy.ts: 26ms, application-code: 94ms)
✓ Compiled in 469ms
 GET /ru/support/75301d28-3f58-4c19-b93f-9709293ed6a0 200 in 995ms (next.js: 527ms, proxy.ts: 196ms, application-code: 273ms)
 GET /ru/support 200 in 103ms (next.js: 22ms, proxy.ts: 36ms, application-code: 46ms)
 GET /ru/support/75301d28-3f58-4c19-b93f-9709293ed6a0 200 in 420ms (next.js: 125ms, proxy.ts: 22ms, application-code: 273ms)
✓ Compiled in 153ms
✓ Compiled in 105ms
 GET /ru/support 200 in 740ms (next.js: 181ms, proxy.ts: 374ms, application-code: 185ms)
 GET /ru/support/75301d28-3f58-4c19-b93f-9709293ed6a0 200 in 270ms (next.js: 167ms, proxy.ts: 48ms, application-code: 55ms)
 GET /ru/profile 200 in 121ms (next.js: 61ms, proxy.ts: 27ms, application-code: 33ms)
✓ Compiled in 1660ms
✓ Compiled in 252ms
✓ Compiled in 1832ms
 GET /ru/profile 200 in 3.8s (next.js: 1925ms, proxy.ts: 873ms, application-code: 993ms)
 GET /ru/profile 200 in 118ms (next.js: 25ms, proxy.ts: 1741µs, application-code: 91ms)
✓ Compiled in 208ms
 GET /ru/settings 200 in 1496ms (next.js: 1044ms, proxy.ts: 168ms, application-code: 284ms)
✓ Compiled in 1624ms
 GET /ru/settings 200 in 359ms (next.js: 136ms, proxy.ts: 95ms, application-code: 129ms)
✓ Compiled in 510ms
✓ Compiled in 643ms
✓ Compiled in 428ms
✓ Compiled in 642ms
✓ Compiled in 304ms
✓ Compiled in 211ms
 GET /ru/transfer 200 in 1882ms (next.js: 1186ms, proxy.ts: 305ms, application-code: 391ms)
✓ Compiled in 381ms
✓ Compiled in 396ms
 GET /ru/transfer 200 in 345ms (next.js: 88ms, proxy.ts: 23ms, application-code: 234ms)
✓ Compiled in 55ms
✓ Compiled in 18ms
✓ Compiled in 541ms
 GET /en/transfer 200 in 253ms (next.js: 59ms, proxy.ts: 57ms, application-code: 137ms)
 GET /ru/transfer 200 in 310ms (next.js: 105ms, proxy.ts: 17ms, application-code: 188ms)
 GET /ru/dashboard 200 in 1506ms (next.js: 728ms, proxy.ts: 16ms, application-code: 762ms)
 GET /ru/referrals 200 in 210ms (next.js: 146ms, proxy.ts: 6ms, application-code: 58ms)
 GET /ru/dashboard 200 in 95ms (next.js: 21ms, proxy.ts: 36ms, application-code: 38ms)
 GET /ru/referrals 200 in 74ms (next.js: 9ms, proxy.ts: 42ms, application-code: 24ms)
✓ Compiled in 1090ms
✓ Compiled in 289ms
✓ Compiled in 55ms
✓ Compiled in 51ms
✓ Compiled in 98ms
 GET /ru/referrals 200 in 2.5s (next.js: 454ms, proxy.ts: 420ms, application-code: 1636ms)
 GET /ru/.well-known/appspecific/com.chrome.devtools.json 404 in 385ms (next.js: 253ms, proxy.ts: 26ms, application-code: 106ms)
 GET /ru/payouts 200 in 186ms (next.js: 104ms, proxy.ts: 14ms, application-code: 69ms)
 GET /ru/knowledge 200 in 162ms (next.js: 93ms, proxy.ts: 14ms, application-code: 55ms)
 GET /ru/support 200 in 133ms (next.js: 65ms, proxy.ts: 12ms, application-code: 56ms)
 GET /ru/settings 200 in 325ms (next.js: 206ms, proxy.ts: 22ms, application-code: 96ms)
 GET /ru/referrals 200 in 107ms (next.js: 34ms, proxy.ts: 20ms, application-code: 53ms)
✓ Compiled in 710ms
✓ Compiled in 965ms
✓ Compiled in 38ms
✓ Compiled in 86ms
 GET /ru/payouts 200 in 1244ms (next.js: 182ms, proxy.ts: 86ms, application-code: 975ms)
 GET /ru/referrals 200 in 147ms (next.js: 66ms, proxy.ts: 42ms, application-code: 39ms)
 GET /ru/payouts 200 in 162ms (next.js: 86ms, proxy.ts: 29ms, application-code: 46ms)
✓ Compiled in 431ms
 GET /ru/referrals 200 in 149ms (next.js: 61ms, proxy.ts: 13ms, application-code: 75ms)
✓ Compiled in 185ms
✓ Compiled in 170ms
✓ Compiled in 535ms
✓ Compiled in 303ms
✓ Compiled in 184ms
✓ Compiled in 43ms
 GET /ru/deals 200 in 1154ms (next.js: 570ms, proxy.ts: 191ms, application-code: 392ms)
✓ Compiled in 364ms
✓ Compiled in 129ms
✓ Compiled in 149ms
✓ Compiled in 348ms
✓ Compiled in 49ms
✓ Compiled in 98ms
 GET /ru/referrals 200 in 1715ms (next.js: 484ms, proxy.ts: 472ms, application-code: 758ms)
✓ Compiled in 932ms
✓ Compiled in 1558ms
✓ Compiled in 1411ms
✓ Compiled in 224ms
✓ Compiled in 187ms
✓ Compiled in 97ms
[browser] ./foryou_partners/src/components/referrals/Referrals.module.css:445:1
Parsing CSS source code failed
  443 |   .tableCell:nth-child(4) { align-self: flex-start; font-size: 16px; margin-top: 4px; }
  444 | }
> 445 |
      | ^

Unexpected end of input

Generated code of PostCSS transform of file content of foryou_partners/src/components/referrals/Referrals.module.css:
./foryou_partners/src/components/referrals/Referrals.module.css:445:1
  443 |   .tableCell:nth-child(4) { align-self: flex-start; font-size: 16px; margin-top: 4px; }
  444 | }
> 445 |
      | ^

Import traces:
  Client Component Browser:
    ./foryou_partners/src/components/referrals/Referrals.module.css [Client Component Browser]
    ./foryou_partners/src/components/referrals/ReferralsClient.tsx [Client Component Browser]
    ./foryou_partners/src/components/referrals/ReferralsClient.tsx [Server Component]
    ./foryou_partners/src/app/[locale]/(protected)/referrals/page.tsx [Server Component]

  Client Component SSR:
    ./foryou_partners/src/components/referrals/Referrals.module.css [Client Component SSR]
    ./foryou_partners/src/components/referrals/ReferralsClient.tsx [Client Component SSR]
    ./foryou_partners/src/components/referrals/ReferralsClient.tsx [Server Component]
    ./foryou_partners/src/app/[locale]/(protected)/referrals/page.tsx [Server Component] 
✓ Compiled in 55ms
[browser] ./foryou_partners/src/components/referrals/Referrals.module.css:445:1
Parsing CSS source code failed
  443 |   .tableCell:nth-child(4) { align-self: flex-start; font-size: 16px; margin-top: 4px; }
  444 | }
> 445 |
      | ^

Unexpected end of input

Generated code of PostCSS transform of file content of foryou_partners/src/components/referrals/Referrals.module.css:
./foryou_partners/src/components/referrals/Referrals.module.css:445:1
  443 |   .tableCell:nth-child(4) { align-self: flex-start; font-size: 16px; margin-top: 4px; }
  444 | }
> 445 |
      | ^

Import traces:
  Client Component Browser:
    ./foryou_partners/src/components/referrals/Referrals.module.css [Client Component Browser]
    ./foryou_partners/src/components/referrals/ReferralsClient.tsx [Client Component Browser]
    ./foryou_partners/src/components/referrals/ReferralsClient.tsx [Server Component]
    ./foryou_partners/src/app/[locale]/(protected)/referrals/page.tsx [Server Component]

  Client Component SSR:
    ./foryou_partners/src/components/referrals/Referrals.module.css [Client Component SSR]
    ./foryou_partners/src/components/referrals/ReferralsClient.tsx [Client Component SSR]
    ./foryou_partners/src/components/referrals/ReferralsClient.tsx [Server Component]
    ./foryou_partners/src/app/[locale]/(protected)/referrals/page.tsx [Server Component] 
✓ Compiled in 87ms
 GET /ru/referrals 200 in 583ms (next.js: 160ms, proxy.ts: 174ms, application-code: 248ms)
✓ Compiled in 261ms
✓ Compiled in 156ms
 GET /ru/referrals 200 in 788ms (next.js: 233ms, proxy.ts: 210ms, application-code: 344ms)
 GET /ru/.well-known/appspecific/com.chrome.devtools.json 404 in 618ms (next.js: 225ms, proxy.ts: 9ms, application-code: 384ms)
✓ Compiled in 243ms
✓ Compiled in 76ms
✓ Compiled in 107ms
 GET /ru/settings 200 in 997ms (next.js: 423ms, proxy.ts: 280ms, application-code: 294ms)
 GET /ru/support 200 in 247ms (next.js: 140ms, proxy.ts: 35ms, application-code: 73ms)
 GET /ru/settings 200 in 177ms (next.js: 80ms, proxy.ts: 43ms, application-code: 54ms)
 GET /ru/knowledge 200 in 216ms (next.js: 62ms, proxy.ts: 21ms, application-code: 132ms)
 GET /ru/support 200 in 183ms (next.js: 42ms, proxy.ts: 19ms, application-code: 122ms)
 GET /ru/knowledge 200 in 100ms (next.js: 23ms, proxy.ts: 24ms, application-code: 53ms)
 GET /ru/referrals 200 in 150ms (next.js: 73ms, proxy.ts: 15ms, application-code: 62ms)
 GET /ru/payouts 200 in 173ms (next.js: 72ms, proxy.ts: 11ms, application-code: 90ms)
 GET /ru/deals 200 in 212ms (next.js: 67ms, proxy.ts: 26ms, application-code: 118ms)
 GET /ru/dashboard 200 in 215ms (next.js: 64ms, proxy.ts: 18ms, application-code: 133ms)
 GET /ru/referrals 200 in 104ms (next.js: 39ms, proxy.ts: 15ms, application-code: 51ms)
 GET /ru/knowledge 200 in 136ms (next.js: 20ms, proxy.ts: 22ms, application-code: 94ms)
 GET /ru/login 200 in 284ms (next.js: 178ms, proxy.ts: 4ms, application-code: 101ms)
 GET /ru/login 200 in 325ms (next.js: 286ms, proxy.ts: 17ms, application-code: 23ms)
 GET /ru/login 200 in 270ms (next.js: 30ms, proxy.ts: 3ms, application-code: 237ms)
 GET /ru/.well-known/appspecific/com.chrome.devtools.json 404 in 475ms (next.js: 50ms, proxy.ts: 5ms, application-code: 421ms)
✓ Compiled in 879ms
 GET /ru/login 200 in 179ms (next.js: 45ms, proxy.ts: 34ms, application-code: 100ms)
✓ Compiled in 563ms
 GET /ru/login 200 in 881ms (next.js: 201ms, proxy.ts: 24ms, application-code: 656ms)
✓ Compiled in 1061ms
 GET /ru/login 200 in 144ms (next.js: 74ms, proxy.ts: 7ms, application-code: 63ms)
 GET /ru/dashboard 200 in 518ms (next.js: 352ms, proxy.ts: 14ms, application-code: 152ms)
 GET /ru/support 200 in 307ms (next.js: 192ms, proxy.ts: 55ms, application-code: 60ms)
✓ Compiled in 636ms
